Stopping running containers...
no configuration file provided: not found
doppler secrets --config dev_testing && \
doppler run --config dev_testing \
	--mount-template doppler-compose.yml \
	--mount docker-compose.yml \
	--command 'docker-compose up backend-test --build'
┌─────────────────────────┬─────────────────────────┬─────────────────────────┐
│ NAME                    │ VALUE                   │ NOTE                    │
├─────────────────────────┼─────────────────────────┼─────────────────────────┤
│ API_ENDPOINT            │ http://localhost:8080   │ Endpoint for backend se │
│                         │                         │ t                       │
│ DOPPLER_CONFIG          │ dev_testing             │                         │
│ DOPPLER_ENVIRONMENT     │ dev                     │                         │
│ DOPPLER_PROJECT         │ notes-app               │                         │
│ GOOGLE_CLIENT_ID        │ 591553478034-vucc6383pn │                         │
│                         │ mbrpvr38d17664do4u38b7. │                         │
│                         │ apps.googleusercontent. │                         │
│                         │ com                     │                         │
│ GOOGLE_CLIENT_SECRET    │ GOCSPX-gDnoQY5MsHYwlwrp │                         │
│                         │ Xu4mdASuEcMY            │                         │
│ INSECURE_COOKIES        │ true                    │                         │
│ JWT_SECRET              │ eyJ0eXAiOiJKV1QiLCJhbGc │ Auth/Renew oauth sessio │
│                         │ iOiJFUzI1NiIsImtpZCI6Im │ ns                      │
│                         │ MxODU5MzFiOGY0ZDZjOWJmN │                         │
│                         │ 2NjYjQwM2EyZjBjNDZjIn0. │                         │
│                         │ e30.Vb-KNtJJqU1ZiKF3F97 │                         │
│                         │ mRKZaPg7JtDBGYG8yf_VbKL │                         │
│                         │ tpK5LYVGkVdmZpr4DkUuif6 │                         │
│                         │ B_2zcO4PbbDxJZAn9zZ4w   │                         │
│ LLM_ENCRYPTION_KEY      │ A0P+ti1bpN/O6GIa4QyZzJB │                         │
│                         │ mu9YghTzAouByUp/RNNo=   │                         │
│ MONGO_DB_ENDPOINT       │ localhost:27017         │ Don't prefix url w/ `ht │
│                         │                         │ tps://` or `www`        │
│ MONGO_DB_NAME           │ zurabase                │                         │
│ MONGO_INITDB_ROOT_PASSW │ URhiA47uam2VOd          │                         │
│ ORD                     │                         │                         │
│ MONGO_INITDB_ROOT_USERN │ zura                    │                         │
│ AME                     │                         │                         │
│ MONGO_URI               │ mongodb://zura:URhiA47u │                         │
│                         │ am2VOd@db:27017/zurabas │                         │
│                         │ e?authSource=admin      │                         │
│ NODE_ENV                │ development             │                         │
│ PEXELS_API_KEY          │ MGY0ewG5pp6MGieh1t79suX │ https://www.pexels.com/ │
│                         │ 8JbpOnrwPjhS0eeRhsbr99G │ api/key/                │
│                         │ 7rL9A1Y4bK              │                         │
│ UI_ENDPOINT             │ http://localhost:8181   │ Endpoint for backend se │
│                         │                         │ t                       │
└─────────────────────────┴─────────────────────────┴─────────────────────────┘
#1 [internal] load local bake definitions
#1 reading from stdin 1.06kB done
#1 DONE 0.0s

#2 [backend-test internal] load build definition from Dockerfile
#2 transferring dockerfile: 711B 0.0s done
#2 DONE 0.0s

#3 [backend internal] load metadata for docker.io/library/golang:alpine3.22
#3 DONE 2.1s

#4 [backend-test internal] load .dockerignore
#4 transferring context: 2B done
#4 DONE 0.0s

#5 [backend-test 1/9] FROM docker.io/library/golang:alpine3.22@sha256:d3f0cf7723f3429e3f9ed846243970b20a2de7bae6a5b66fc5914e228d831bbb
#5 DONE 0.0s

#6 [backend internal] load build context
#6 transferring context: 6.31kB 0.0s done
#6 DONE 0.0s

#7 [backend 2/9] RUN apk add --no-cache ca-certificates curl
#7 CACHED

#8 [backend 5/9] RUN go mod download
#8 CACHED

#9 [backend 6/9] RUN go install gotest.tools/gotestsum@latest
#9 CACHED

#10 [backend 3/9] WORKDIR /app
#10 CACHED

#11 [backend 4/9] COPY go.mod go.sum ./
#11 CACHED

#12 [backend 7/9] RUN mkdir -p test-results
#12 CACHED

#13 [backend 8/9] COPY . .
#13 CACHED

#14 [backend 9/9] RUN go build -o main .
#14 CACHED

#7 [backend-test 2/9] RUN apk add --no-cache ca-certificates curl
#7 CACHED

#10 [backend-test 3/9] WORKDIR /app
#10 CACHED

#8 [backend-test 5/9] RUN go mod download
#8 CACHED

#13 [backend-test 8/9] COPY . .
#13 CACHED

#11 [backend-test 4/9] COPY go.mod go.sum ./
#11 CACHED

#9 [backend-test 6/9] RUN go install gotest.tools/gotestsum@latest
#9 CACHED

#12 [backend-test 7/9] RUN mkdir -p test-results
#12 CACHED

#15 [backend-test] exporting to image
#15 exporting layers done
#15 writing image sha256:8b4ff2761ebfe484ef0bc22574db027e257421fb769e63d0a3a92ccc322241d2 done
#15 naming to docker.io/library/zurabase:backend 0.0s done
#15 DONE 0.0s

#16 [backend] exporting to image
#16 exporting layers done
#16 writing image sha256:69d811b17ad1db3730a8eb7b885b0e9adf11c01ad73cacd9930e89cab930a325 done
#16 naming to docker.io/library/zurabase:backend done
#16 DONE 0.0s

#17 [backend-test] resolving provenance for metadata file
#17 DONE 0.0s

#18 [backend] resolving provenance for metadata file
#18 DONE 0.0s
 zurabase:backend  Built
 zurabase:backend  Built
 Container zurabase-db-1  Running
 Container zurabase-backend-1  Running
Attaching to backend-test-1
